Loading documents and gold...
Loaded 500 documents.

  SciSpacy        aligned docs: 500
  BioBERT         aligned docs: 500
  PubMedBERT      aligned docs: 500
  ClinicalBERT    aligned docs: 500
  BioELECTRA      aligned docs: 500

============================================================
OBSERVED F1 (full document set)
============================================================
  SciSpacy        F1 = 0.8959
  BioBERT         F1 = 0.7259
  PubMedBERT      F1 = 0.5677
  ClinicalBERT    F1 = 0.4213
  BioELECTRA      F1 = 0.5470

============================================================
RUNNING 1000 BOOTSTRAP RESAMPLES (seed=42)
============================================================
  ...200 resamples done
  ...400 resamples done
  ...600 resamples done
  ...800 resamples done
  ...1000 resamples done

============================================================
95% BOOTSTRAP CONFIDENCE INTERVALS ON F1
============================================================
  SciSpacy        F1 = 0.8959  95% CI [0.8868, 0.9049]
  BioBERT         F1 = 0.7259  95% CI [0.7134, 0.7382]
  PubMedBERT      F1 = 0.5677  95% CI [0.5475, 0.5863]
  ClinicalBERT    F1 = 0.4213  95% CI [0.4051, 0.4362]
  BioELECTRA      F1 = 0.5470  95% CI [0.5294, 0.5638]

============================================================
PAIRWISE SIGNIFICANCE (paired bootstrap)
============================================================
  SciSpacy      vs BioBERT        obs diff = +0.1701  p = 0.0000  (significant; better: SciSpacy)
  SciSpacy      vs PubMedBERT     obs diff = +0.3283  p = 0.0000  (significant; better: SciSpacy)
  SciSpacy      vs ClinicalBERT   obs diff = +0.4747  p = 0.0000  (significant; better: SciSpacy)
  SciSpacy      vs BioELECTRA     obs diff = +0.3490  p = 0.0000  (significant; better: SciSpacy)
  BioBERT       vs PubMedBERT     obs diff = +0.1582  p = 0.0000  (significant; better: BioBERT)
  BioBERT       vs ClinicalBERT   obs diff = +0.3046  p = 0.0000  (significant; better: BioBERT)
  BioBERT       vs BioELECTRA     obs diff = +0.1789  p = 0.0000  (significant; better: BioBERT)
  PubMedBERT    vs ClinicalBERT   obs diff = +0.1464  p = 0.0000  (significant; better: PubMedBERT)
  PubMedBERT    vs BioELECTRA     obs diff = +0.0207  p = 0.0410  (significant; better: PubMedBERT)
  ClinicalBERT  vs BioELECTRA     obs diff = -0.1257  p = 0.0000  (significant; better: BioELECTRA)

Done.
