SciSpacy:     8597
BioBERT:      14815
PubMedBERT:   16448
ClinicalBERT: 15163
BioELECTRA:   11473

--- Weighted Candidate Gold Summary ---
Total unique entities: 45372
Saved (weighted_score >= 1.5): 7018
Output file: data/gold/weighted_candidate_gold_train_entities_bc5cdr.jsonl

Vote count distribution:
1 votes: 32904
2 votes: 6537
3 votes: 3649
4 votes: 1839
5 votes: 443

Weighted score distribution:
0.42: 10190
0.55: 7762
0.57: 8677
0.73: 5361
0.9: 914
0.97: 734
0.99: 155
1.11: 578
1.15: 146
1.27: 340
1.29: 2595
1.32: 330
1.44: 119
1.46: 453
1.54: 42
1.62: 1087
1.69: 38
1.71: 78
1.84: 61
1.86: 92
1.88: 324
2.01: 81
2.04: 1116
2.17: 303
2.19: 1514
2.26: 18
2.43: 106
2.59: 392
2.61: 959
2.74: 364
3.16: 443

============================================================
THRESHOLD SENSITIVITY SWEEP
(max achievable weighted score = 3.1578)
============================================================
  threshold 0.45:   35182 entities retained  ->  data/gold/sensitivity/weighted_candidate_gold_0.45.jsonl
  threshold  0.7:   18743 entities retained  ->  data/gold/sensitivity/weighted_candidate_gold_0.7.jsonl
  threshold  0.9:   12468 entities retained  ->  data/gold/sensitivity/weighted_candidate_gold_0.9.jsonl
  threshold  1.2:   10855 entities retained  ->  data/gold/sensitivity/weighted_candidate_gold_1.2.jsonl
  threshold  1.5:    7018 entities retained  ->  data/gold/sensitivity/weighted_candidate_gold_1.5.jsonl
  threshold  1.8:    5773 entities retained  ->  data/gold/sensitivity/weighted_candidate_gold_1.8.jsonl
  threshold  2.0:    5296 entities retained  ->  data/gold/sensitivity/weighted_candidate_gold_2.0.jsonl
