Loading documents...
Loaded 500 documents.

  SciSpacy        93024 tokens
  BioBERT         93024 tokens
  PubMedBERT      93024 tokens
  ClinicalBERT    93024 tokens
  BioELECTRA      93024 tokens
  HumanGold       93024 tokens

============================================================
PAIRWISE COHEN'S KAPPA - INTER-MODEL AGREEMENT
============================================================
  SciSpacy        vs BioBERT          k = 0.4299  (Moderate)
  SciSpacy        vs PubMedBERT       k = 0.4035  (Moderate)
  SciSpacy        vs ClinicalBERT     k = 0.4371  (Moderate)
  SciSpacy        vs BioELECTRA       k = 0.5515  (Moderate)
  BioBERT         vs PubMedBERT       k = 0.7627  (Substantial)
  BioBERT         vs ClinicalBERT     k = 0.2573  (Fair)
  BioBERT         vs BioELECTRA       k = 0.2635  (Fair)
  PubMedBERT      vs ClinicalBERT     k = 0.2533  (Fair)
  PubMedBERT      vs BioELECTRA       k = 0.2801  (Fair)
  ClinicalBERT    vs BioELECTRA       k = 0.3586  (Fair)

Pairwise kappa matrix:
                    SciSpacy       BioBERT    PubMedBERT  ClinicalBERT    BioELECTRA
SciSpacy              1.0000        0.4299        0.4035        0.4371        0.5515
BioBERT               0.4299        1.0000        0.7627        0.2573        0.2635
PubMedBERT            0.4035        0.7627        1.0000        0.2533        0.2801
ClinicalBERT          0.4371        0.2573        0.2533        1.0000        0.3586
BioELECTRA            0.5515        0.2635        0.2801        0.3586        1.0000

============================================================
MODEL vs HUMAN GOLD - COHEN'S KAPPA
============================================================
  SciSpacy        vs HumanGold  k = 0.9219  (Almost perfect)
  BioBERT         vs HumanGold  k = 0.4694  (Moderate)
  PubMedBERT      vs HumanGold  k = 0.4363  (Moderate)
  ClinicalBERT    vs HumanGold  k = 0.4439  (Moderate)
  BioELECTRA      vs HumanGold  k = 0.5663  (Moderate)

============================================================
SUMMARY
============================================================
  Inter-model kappa mean : 0.3997
  Inter-model kappa std  : 0.1528
  Inter-model kappa min  : 0.2533
  Inter-model kappa max  : 0.7627

  Model-vs-gold mean     : 0.5675
  Best vs gold           : SciSpacy (k = 0.9219)
