Loading documents and human gold...
Loaded 500 documents.

============================================================
THRESHOLD SENSITIVITY EVALUATION
============================================================
 Threshold   Precision      Recall          F1
      0.45      0.4029      0.6943      0.5099
  Saved bar chart (threshold 0.45) -> C:\University\Projects\spatial-human-anatomy\figure\sensitivity\threshold_0.45_bars.png
       0.7      0.5838      0.7931      0.6726
  Saved bar chart (threshold 0.7) -> C:\University\Projects\spatial-human-anatomy\figure\sensitivity\threshold_0.7_bars.png
       0.9      0.6929      0.7829      0.7351
  Saved bar chart (threshold 0.9) -> C:\University\Projects\spatial-human-anatomy\figure\sensitivity\threshold_0.9_bars.png
       1.2      0.7611      0.7944      0.7774
  Saved bar chart (threshold 1.2) -> C:\University\Projects\spatial-human-anatomy\figure\sensitivity\threshold_1.2_bars.png
       1.5      0.9893      0.7415      0.8476
  Saved bar chart (threshold 1.5) -> C:\University\Projects\spatial-human-anatomy\figure\sensitivity\threshold_1.5_bars.png
       1.8      0.9929      0.6150      0.7596
  Saved bar chart (threshold 1.8) -> C:\University\Projects\spatial-human-anatomy\figure\sensitivity\threshold_1.8_bars.png
       2.0      0.9951      0.5658      0.7214
  Saved bar chart (threshold 2.0) -> C:\University\Projects\spatial-human-anatomy\figure\sensitivity\threshold_2.0_bars.png
  Saved combined curve -> C:\University\Projects\spatial-human-anatomy\figure\threshold_sensitivity_curve.png

Done. Figures saved under figure/ and figure/sensitivity/.
